17:01:37 **** Incremental Build of configuration Debug for project GasolineTruck ****
make -j4 all 
arm-none-eabi-gcc "../Core/Src/main.c" -mcpu=cortex-m3 -std=gnu11 -g3 -DUSE_HAL_DRIVER -DSTM32F103xB -DDEBUG -c -I../Core/Inc -I../Drivers/STM32F1xx_HAL_Driver/Inc -I../Drivers/STM32F1xx_HAL_Driver/Inc/Legacy -I../Drivers/CMSIS/Device/ST/STM32F1xx/Include -I../Drivers/CMSIS/Include -O0 -ffunction-sections -fdata-sections -Wall -fstack-usage -MMD -MP -MF"Core/Src/main.d" -MT"Core/Src/main.o" --specs=nano.specs -mfloat-abi=soft -mthumb -o "Core/Src/main.o"
arm-none-eabi-gcc -o "GasolineTruck.elf" @"objects.list"   -mcpu=cortex-m3 -T"F:\STM32F103\GasolineTruck\STM32F103C8TX_FLASH.ld" --specs=nosys.specs -Wl,-Map="GasolineTruck.map" -Wl,--gc-sections -static --specs=nano.specs -mfloat-abi=soft -mthumb -Wl,--start-group -lc -lm -Wl,--end-group
Finished building target: GasolineTruck.elf
 
arm-none-eabi-objdump -h -S  GasolineTruck.elf  > "GasolineTruck.list"
arm-none-eabi-objcopy  -O binary  GasolineTruck.elf  "GasolineTruck.bin"
arm-none-eabi-size   GasolineTruck.elf 
   text	   data	    bss	    dec	    hex	filename
  11368	     20	   1660	  13048	   32f8	GasolineTruck.elf
Finished building: GasolineTruck.bin
 
Finished building: GasolineTruck.list
Finished building: default.size.stdout
 
 
